=== RUN   TestImageServiceCreateImageFromImage
2024-01-26T03:51:29.089Z	DEBUG	client/client.go:53	Waiting for operation 60a0c939