2024-01-26 03:50:56,331 - DEBUG - library.python.filelock - acquire: Acquiring filelock (blocking=False): /home/github/.ya/build