2024-01-26 03:51:12,240 - DEBUG - ya.test - get_binary: Binary was found by /home/github/.ya/build/build_root/tjaw/002ae2/contri