2024-01-26 03:10:59,525 - DEBUG - ya.test - get_binary: Binary was found by /home/github/.ya/build/build_root/tjaw/002b93/cloud/