=== RUN   TestImageServiceShouldFailCreateImageFromNonExistentFile
2024-01-26T03:51:23.230Z	DEBUG	client/client.go:53	Waiting fo