2024-01-26 03:46:01,253 - DEBUG - ya.test - get_binary: Binary was found by /home/github/.ya/build/build_root/tjaw/002ae0/contri