2024-01-26 03:42:16,162 - DEBUG - ya.test - __init__: Reading variables from env_file at /home/github/.ya/build/build_root/tjaw/