2024-01-26 03:42:02,121 - DEBUG - ya.test - get_binary: Binary was found by /home/github/.ya/build/build_root/tjaw/002ac5/contri