2024-01-26 02:43:30,827 - DEBUG - ya.test - __init__: Reading variables from env_file at /home/github/.ya/build/build_root/tjaw/