2024-01-26 02:43:24,793 - DEBUG - ya.test - get_binary: Binary was found by /home/github/.ya/build/build_root/tjaw/002ac7/contri