=== RUN   TestImageServiceCreateQCOW2PanicImageFromURL
2024-01-26T03:53:29.234Z	DEBUG	client/client.go:53	Waiting for operation 