2024-01-26 03:52:55,209 - DEBUG - library.python.filelock - acquire: Acquiring filelock (blocking=False): /home/github/.ya/build