2024-01-26 02:42:35,945 - DEBUG - ya.test - __init__: Reading variables from env_file at /home/github/.ya/build/build_root/tjaw/