2024-01-26 02:42:22,535 - DEBUG - ya.test - get_binary: Binary was found by /home/github/.ya/build/build_root/tjaw/002acb/contri