2024-01-26 03:46:52,081 - DEBUG - ya.test - get_binary: Binary was found by /home/github/.ya/build/build_root/tjaw/002b95/cloud/