2024-01-26 03:48:33,485 - DEBUG - library.python.filelock - acquire: Acquiring filelock (blocking=False): /home/github/.ya/build