2024-01-26 03:49:23,740 - DEBUG - ya.test - __init__: Reading variables from env_file at /home/github/.ya/build/build_root/tjaw/