2024-01-26 03:49:21,364 - DEBUG - ya.test - get_binary: Binary was found by /home/github/.ya/build/build_root/tjaw/002ac6/contri