=== RUN   TestImageServiceCancelCreateImageFromURL
2024-01-26T02:39:55.320Z	DEBUG	nbs/factory.go:69	discovered instances: [Host: