=== RUN   TestImageServiceCreateQCOW2PanicImageFromURL
2024-01-26T03:41:32.763Z	DEBUG	client/client.go:53	Waiting for operation 