2024-01-26 03:40:57,713 - DEBUG - library.python.filelock - acquire: Acquiring filelock (blocking=False): /home/github/.ya/build