2024-01-26 03:33:31,183 - DEBUG - ya.test - get_binary: Binary was found by /home/github/.ya/build/build_root/tjaw/002ae5/contri