2024-01-26 03:35:09,904 - DEBUG - ya.test - get_binary: Binary was found by /home/github/.ya/build/build_root/tjaw/002b94/cloud/