2024-01-26 03:29:18,852 - DEBUG - ya.test - get_binary: Binary was found by /home/github/.ya/build/build_root/tjaw/002ae4/contri