2024-01-26 03:51:48,693 - DEBUG - library.python.filelock - acquire: Acquiring filelock (blocking=False): /home/github/.ya/build