2024-01-26 03:34:32,969 - DEBUG - ya.test - get_binary: Binary was found by /home/github/.ya/build/build_root/tjaw/002adf/contri