2024-01-26 03:50:26,165 - DEBUG - ya.test - get_binary: Binary was found by /home/github/.ya/build/build_root/tjaw/002b92/cloud/